[porto-template.framer.website/index.html]
[backblue.gif]
[fade.gif]
[index.html]
[framerusercontent.com/sites/icons/default-favicon-light.v1.png]
[framerusercontent.com/sites/icons/default-favicon-dark.v1.png]
[framerusercontent.com/sites/icons/default-touch-icon.v3.png]
[framerusercontent.com/images/Y2hDnlZarjPJwwtYxc065dEr57A.png]
[porto-template.framer.website/contact.html]
[framerusercontent.com/images/QDcJB2OLe3UAxM2RM7hyw8eeCo.jpg]
[framerusercontent.com/images/My7SNbGqP7RXWC7NQ2gn0m4yxl8.png]
[framerusercontent.com/images/lQJ6q0QJYyTWboBcFRZQhAcixR4.png]
[framerusercontent.com/images/30SgNEcdoaIQjP9SX778MdNs1o.png]
[framerusercontent.com/images/GsvUhduUuKpqabW4bstAZkXg2I.png]
[framerusercontent.com/images/mdHohhCEac2dy5qj6Hz8xLx3o.png]
[framerusercontent.com/images/3l7cpJjfC1VLeRWLg54tkWCEA.png]
[framerusercontent.com/images/dfa6kXeZNdp07AUexK86lC0Av1Q.png]
[framerusercontent.com/images/aBDs4HUqRid8nL96E0hRXrwJBRg.png]
[framerusercontent.com/images/uNKtEHPNTpmZAxn4jjdzE9O6BU.png]
[porto-template.framer.website/work/seventy-seven.html]
[framerusercontent.com/images/dDIcbbzjaYqXw6P9Sb6Y8Lvpjg.jpg]
[porto-template.framer.website/work/scrambler.html]
[framerusercontent.com/images/JgEpdaKOH8MWK0dsFYloEuWQA.jpg]
[porto-template.framer.website/work/zudio-garage.html]
[framerusercontent.com/images/h3KeQCZx6YUlMZeOcfLNerruCyU.jpg]
[porto-template.framer.website/work/flakestake.html]
[framerusercontent.com/images/7hPo6r1ptuNISyOzYBdu8c3owo.jpg]
[porto-template.framer.website/work/rural-arena.html]
[framerusercontent.com/images/Bw2AqEPPasNjK5QoYFfYTYHloU.jpg]
[framerusercontent.com/images/fgWEhtkY7w3HZA3XVtRwhpYRquM9ae5.jpg]
[framerusercontent.com/images/gPqr7rZSe49I2LnZy4JermGDfw.jpg]
[framerusercontent.com/images/qDUMiDuI5ao4dPjdKcx8B6eoBds.png]
[framerusercontent.com/images/R84IjjWIM9LGPSTUT6xDg5XHh49ae5.jpg]
[framerusercontent.com/images/OATXG2GnXto6ab0AfvxOG7cKU9ae5.jpg]
[framerusercontent.com/images/tFHhhUtMBpyKrQOMIiUcurylcQ9ae5.jpg]
[framerusercontent.com/images/4GeZH9tDnTqh21vfDk8tqPUurU9ae5.png]
[framerusercontent.com/images/5Vg5yv5EupF47u9k0JSlIej05kk9ae5.jpg]
[framerusercontent.com/images/TwPnCUkRbYkKlfJL4ZCaWKgdY9ae5.jpg]
[framerusercontent.com/images/xcxQQ1waNtZJqJFNv1uOoAOs.jpg]
[framerusercontent.com/images/CkRGbZ3Tef83yc5ibFgim9s6w.jpg]
[framerusercontent.com/images/JwJTxroeEh0a7U32iDMSI6d6R8.jpg]
[framerusercontent.com/images/VX1rSkalWuRIsRIh7yoySMaSpWU.png]
[framerusercontent.com/images/edesi3zrngnOaaFS0ZO0deHO8W0.jpg]
[framerusercontent.com/images/seEwpz5cPd217YXOWnnDJmEN9cc.jpg]
[framerusercontent.com/images/wmM20qqnTjuC9hBR1y7Xi8ytm58.png]
[framerusercontent.com/images/4uPwYzqbqkMg9GbWQ1AtACS0bTA.png]
[framerusercontent.com/images/3H1oi68O9SQYJGq1kE0qE33ld0.jpg]
[framerusercontent.com/images/d0DzUOBxnGSgNE2puaQMBmYLES4.png]
[framerusercontent.com/images/3tl4gUvQLRwiy11mMw4kJOopYGQ.png]
[framerusercontent.com/images/ohLeoYNtofHv8QrK0tYTv8lrVuU.png]
[framerusercontent.com/images/u6Idk7qL4dVIYM1Dq4mj29hIpaM9ae5.jpg]
[porto-template.framer.website/index.html]
[framerusercontent.com/images/zEpDXPZC2eQXAP6zacJ2FgCv49ae5.jpg]
[porto-template.framer.website/contact.html]
[framerusercontent.com/images/Hta1mS2iTa9a0rYeUimvtVtKd8.png]
[framerusercontent.com/images/Nk305ZRev9eujha7nvG5txFErmc.jpg]
[framerusercontent.com/images/SYJRU2VMW72qgR0VAyaK809FE.jpg]
[framerusercontent.com/images/whGGMkC3B05I3SAJQADG55bj5kE.jpg]
[porto-template.framer.website/work/seventy-seven.html]
[framerusercontent.com/images/hbdmndImoYRamsih9aVwm77Jjo.jpg]
[framerusercontent.com/images/PID3UX0yBb4HZClWjOsWEZBUiM.png]
[framerusercontent.com/images/ZAKn66pOGyVPy2CB0Epj5oVc4.jpg]
[framerusercontent.com/images/lP1dGbCumt2R9f9YpF5PFW5Jhs.jpg]
[porto-template.framer.website/work/scrambler.html]
[framerusercontent.com/images/eRPppYR9YKt0AHg3XrfefL5FqDM.png]
[framerusercontent.com/images/lP99x5yXsIyvtBT5kNvxYh7iwU.png]
[framerusercontent.com/images/2Uqr6hRCAWJYsUEnVkP4na7yQ.png]
[porto-template.framer.website/work/zudio-garage.html]
[framerusercontent.com/images/HoecnF4hmRparmVSn8hZFirvSgk.jpg]
[framerusercontent.com/images/7FCMY4QkZYvVhYoPrEf06kzfOg.png]
[framerusercontent.com/images/S7B4wvwD1JICr12tpPUX1zySYc.png]
[porto-template.framer.website/work/flakestake.html]
[framerusercontent.com/images/PPssE0HbvnXXorVRGVDToZ7pVg.jpg]
[framerusercontent.com/images/QnZBPof5vfv0uXP4j5rwc5Lum4.png]
[framerusercontent.com/images/priUeRgHog6g0xcVriYGaUjeM.png]
[porto-template.framer.website/work/rural-arena.html]
